[demo.dueza.com/spicy-html/spicy/black-color/index.html]
[backblue.gif]
[fade.gif]
[index.html]
[demo.dueza.com/spicy-html/spicy/black-color/assets/images/favi.png]
[demo.dueza.com/spicy-html/spicy/black-color/assets/bootstrap/css/bootstrap.min.css]
[demo.dueza.com/spicy-html/spicy/black-color/assets/fonts/linear-fonts.css]
[demo.dueza.com/spicy-html/spicy/black-color/assets/fonts/font-awesome.css]
[demo.dueza.com/spicy-html/spicy/black-color/assets/owlcarousel/css/owl.carousel.css]
[demo.dueza.com/spicy-html/spicy/black-color/assets/owlcarousel/css/owl.theme.css]
[demo.dueza.com/spicy-html/spicy/black-color/assets/css/lightbox.min.css]
[demo.dueza.com/spicy-html/spicy/black-color/assets/css/magnific-popup.css]
[demo.dueza.com/spicy-html/spicy/black-color/assets/css/animate.min.css]
[demo.dueza.com/spicy-html/spicy/black-color/assets/css/style.css]
[demo.dueza.com/spicy-html/spicy/black-color/assets/css/responsive.css]
[demo.dueza.com/spicy-html/spicy/black-color/assets/images/about/1.jpg]
[demo.dueza.com/spicy-html/spicy/black-color/assets/images/team/1.jpg]
[demo.dueza.com/spicy-html/spicy/black-color/assets/images/team/2.jpg]
[demo.dueza.com/spicy-html/spicy/black-color/assets/images/team/3.jpg]
[demo.dueza.com/spicy-html/spicy/black-color/assets/images/team/4.jpg]
[demo.dueza.com/spicy-html/spicy/black-color/assets/images/menu/1.jpg]
[demo.dueza.com/spicy-html/spicy/black-color/assets/images/menu/2.jpg]
[demo.dueza.com/spicy-html/spicy/black-color/assets/images/menu/3.jpg]
[demo.dueza.com/spicy-html/spicy/black-color/assets/images/menu/4.jpg]
[demo.dueza.com/spicy-html/spicy/black-color/assets/images/menu/5.jpg]
[demo.dueza.com/spicy-html/spicy/black-color/assets/images/menu/6.jpg]
[demo.dueza.com/spicy-html/spicy/black-color/assets/images/portfolio/project1.jpg]
[demo.dueza.com/spicy-html/spicy/black-color/assets/images/portfolio/project2.jpg]
[demo.dueza.com/spicy-html/spicy/black-color/assets/images/portfolio/project3.jpg]
[demo.dueza.com/spicy-html/spicy/black-color/assets/images/portfolio/project4.jpg]
[demo.dueza.com/spicy-html/spicy/black-color/assets/images/portfolio/project5.jpg]
[demo.dueza.com/spicy-html/spicy/black-color/assets/images/portfolio/project6.jpg]
[demo.dueza.com/spicy-html/spicy/black-color/assets/images/testimonial/1.jpg]
[demo.dueza.com/spicy-html/spicy/black-color/assets/images/testimonial/2.jpg]
[demo.dueza.com/spicy-html/spicy/black-color/assets/images/testimonial/3.jpg]
[demo.dueza.com/spicy-html/spicy/black-color/assets/images/blog/blog1.jpg]
[demo.dueza.com/spicy-html/spicy/black-color/single-blog.html]
[demo.dueza.com/spicy-html/spicy/black-color/assets/images/blog/blog2.jpg]
[demo.dueza.com/spicy-html/spicy/black-color/assets/images/blog/blog3.jpg]
[ajax.googleapis.com/ajax/libs/jquery/1/jquery.js]
[demo.dueza.com/spicy-html/spicy/black-color/assets/bootstrap/js/bootstrap.min.js]
[demo.dueza.com/spicy-html/spicy/black-color/assets/js/jquery.appear.js]
[demo.dueza.com/spicy-html/spicy/black-color/assets/owlcarousel/js/owl.carousel.min.js]
[demo.dueza.com/spicy-html/spicy/black-color/assets/js/jquery.mixitup.js]
[demo.dueza.com/spicy-html/spicy/black-color/assets/js/jquery.magnific-popup.min.js]
[demo.dueza.com/spicy-html/spicy/black-color/assets/js/jquery.stellar.min.js]
[demo.dueza.com/spicy-html/spicy/black-color/assets/js/jquery.mb.YTPlayer.min.js]
[demo.dueza.com/spicy-html/spicy/black-color/assets/js/jquery.waypoints.min.js]
[demo.dueza.com/spicy-html/spicy/black-color/assets/js/jquery.counterup.min.js]
[demo.dueza.com/spicy-html/spicy/black-color/assets/js/lightbox.min.js]
[demo.dueza.com/spicy-html/spicy/black-color/assets/js/wow.min.js]
[demo.dueza.com/spicy-html/spicy/black-color/assets/js/scripts.js]
[demo.dueza.com/spicy-html/spicy/black-color/index.html]
[demo.dueza.com/spicy-html/spicy/black-color/assets/bootstrap/fonts/glyphicons-halflings-regular.eot]
[demo.dueza.com/spicy-html/spicy/black-color/assets/bootstrap/fonts/glyphicons-halflings-regulard41d.eot]
[demo.dueza.com/spicy-html/spicy/black-color/assets/bootstrap/fonts/glyphicons-halflings-regular.woff2]
[demo.dueza.com/spicy-html/spicy/black-color/assets/bootstrap/fonts/glyphicons-halflings-regular.woff]
[demo.dueza.com/spicy-html/spicy/black-color/assets/bootstrap/fonts/glyphicons-halflings-regular.ttf]
[demo.dueza.com/spicy-html/spicy/black-color/assets/bootstrap/css/bootstrap.min.css]
[demo.dueza.com/spicy-html/spicy/black-color/assets/bootstrap/fonts/glyphicons-halflings-regular.svg]
[demo.dueza.com/spicy-html/spicy/black-color/assets/fonts/Linearicons-Free54e9.eot]
[demo.dueza.com/spicy-html/spicy/black-color/assets/fonts/Linearicons-Freed41d.eot]
[demo.dueza.com/spicy-html/spicy/black-color/assets/fonts/Linearicons-Free54e9.woff2]
[demo.dueza.com/spicy-html/spicy/black-color/assets/fonts/Linearicons-Free54e9.woff]
[demo.dueza.com/spicy-html/spicy/black-color/assets/fonts/Linearicons-Free54e9.ttf]
[demo.dueza.com/spicy-html/spicy/black-color/assets/fonts/linear-fonts.css]
[demo.dueza.com/spicy-html/spicy/black-color/assets/fonts/Linearicons-Free54e9.svg]
[demo.dueza.com/spicy-html/spicy/black-color/assets/fonts/fontawesome-webfont3295.eot]
[demo.dueza.com/spicy-html/spicy/black-color/assets/fonts/fontawesome-webfontd41d.eot]
[demo.dueza.com/spicy-html/spicy/black-color/assets/fonts/fontawesome-webfont3295.woff2]
[demo.dueza.com/spicy-html/spicy/black-color/assets/fonts/fontawesome-webfont3295.woff]
[demo.dueza.com/spicy-html/spicy/black-color/assets/fonts/fontawesome-webfont3295.ttf]
[demo.dueza.com/spicy-html/spicy/black-color/assets/fonts/font-awesome.css]
[demo.dueza.com/spicy-html/spicy/black-color/assets/owlcarousel/css/owl.carousel.css]
[demo.dueza.com/spicy-html/spicy/black-color/assets/owlcarousel/css/owl.theme.css]
[demo.dueza.com/spicy-html/spicy/black-color/assets/fonts/fontawesome-webfont3295.svg]
[demo.dueza.com/spicy-html/spicy/black-color/assets/css/lightbox.min.css]
[demo.dueza.com/spicy-html/spicy/black-color/assets/css/magnific-popup.css]
[demo.dueza.com/spicy-html/spicy/black-color/assets/css/animate.min.css]
[demo.dueza.com/spicy-html/spicy/black-color/assets/images/bg/bg.jpg]
[demo.dueza.com/spicy-html/spicy/black-color/assets/images/bg/slide-1.jpg]
[demo.dueza.com/spicy-html/spicy/black-color/assets/images/bg/slide-2.jpg]
[demo.dueza.com/spicy-html/spicy/black-color/assets/images/bg/slide-3.jpg]
[demo.dueza.com/spicy-html/spicy/black-color/assets/images/bg/testi-bg.jpg]
[demo.dueza.com/spicy-html/spicy/black-color/assets/css/style.css]
[demo.dueza.com/spicy-html/spicy/black-color/assets/css/responsive.css]
[demo.dueza.com/spicy-html/spicy/black-color/assets/images/blog/blog-details.jpg]
[demo.dueza.com/spicy-html/spicy/black-color/assets/images/blog/1.jpg]
[demo.dueza.com/spicy-html/spicy/black-color/assets/images/blog/2.jpg]
[demo.dueza.com/spicy-html/spicy/black-color/single-blog.html]
[demo.dueza.com/spicy-html/spicy/black-color/assets/bootstrap/fonts/glyphicons-halflings-regular.svg]
[demo.dueza.com/spicy-html/spicy/black-color/assets/fonts/Linearicons-Free54e9.svg]
[demo.dueza.com/spicy-html/spicy/black-color/assets/fonts/fontawesome-webfont3295.svg]
[demo.dueza.com/spicy-html/spicy/black-color/assets/owlcarousel/css/grabbing.html]
[demo.dueza.com/spicy-html/spicy/black-color/assets/owlcarousel/css/AjaxLoader.html]
[demo.dueza.com/spicy-html/spicy/black-color/assets/images/close.html]
[demo.dueza.com/spicy-html/spicy/black-color/assets/images/loading.html]
[demo.dueza.com/spicy-html/spicy/black-color/assets/images/prev.html]
[demo.dueza.com/spicy-html/spicy/black-color/assets/images/next.html]
